FSM 1 : VALID TRANSITION GRAPH

00 : STATE IS REACHABLE FROM OUTSIDE.

   OUTGOING TRANSITIONS:
      00
      01
      11

   INCOMING TRANSITIONS:
      00
      11
      01
      10


01 : FSM STATE NOT REACHABLE FROM OUTSIDE.

   OUTGOING TRANSITIONS:
      00
      10
      01

   INCOMING TRANSITIONS:
      00
      01
      10


10 : FSM STATE NOT REACHABLE FROM OUTSIDE.

   OUTGOING TRANSITIONS:
      00
      10
      01

   INCOMING TRANSITIONS:
      01
      10


11 : FSM STATE NOT REACHABLE FROM OUTSIDE.

   OUTGOING TRANSITIONS:
      00
      11

   INCOMING TRANSITIONS:
      00
      11


FSM 1 : VALID TRANSITION GRAPH

00 : STATE IS REACHABLE FROM OUTSIDE.

   OUTGOING TRANSITIONS:
      00
      01
      11

   INCOMING TRANSITIONS:
      00
      11
      01
      10


01 : FSM STATE NOT REACHABLE FROM OUTSIDE.

   OUTGOING TRANSITIONS:
      00
      10
      01

   INCOMING TRANSITIONS:
      00
      01
      10


10 : FSM STATE NOT REACHABLE FROM OUTSIDE.

   OUTGOING TRANSITIONS:
      00
      10
      01

   INCOMING TRANSITIONS:
      01
      10


11 : FSM STATE NOT REACHABLE FROM OUTSIDE.

   OUTGOING TRANSITIONS:
      00
      11

   INCOMING TRANSITIONS:
      00
      11


FSM 1 : VALID TRANSITION GRAPH

00 : STATE IS REACHABLE FROM OUTSIDE.

   OUTGOING TRANSITIONS:
      00
      01
      11

   INCOMING TRANSITIONS:
      00
      11
      01
      10


01 : FSM STATE NOT REACHABLE FROM OUTSIDE.

   OUTGOING TRANSITIONS:
      00
      10
      01

   INCOMING TRANSITIONS:
      00
      01
      10


10 : FSM STATE NOT REACHABLE FROM OUTSIDE.

   OUTGOING TRANSITIONS:
      00
      10
      01

   INCOMING TRANSITIONS:
      01
      10


11 : FSM STATE NOT REACHABLE FROM OUTSIDE.

   OUTGOING TRANSITIONS:
      00
      11

   INCOMING TRANSITIONS:
      00
      11


FSM 1 : VALID TRANSITION GRAPH

00 : STATE IS REACHABLE FROM OUTSIDE.

   OUTGOING TRANSITIONS:
      00
      01
      11

   INCOMING TRANSITIONS:
      00
      11
      01
      10


01 : FSM STATE NOT REACHABLE FROM OUTSIDE.

   OUTGOING TRANSITIONS:
      00
      10
      01

   INCOMING TRANSITIONS:
      00
      01
      10


10 : FSM STATE NOT REACHABLE FROM OUTSIDE.

   OUTGOING TRANSITIONS:
      00
      10
      01

   INCOMING TRANSITIONS:
      01
      10


11 : FSM STATE NOT REACHABLE FROM OUTSIDE.

   OUTGOING TRANSITIONS:
      00
      11

   INCOMING TRANSITIONS:
      00
      11


FSM 1 : VALID TRANSITION GRAPH

00 : STATE IS REACHABLE FROM OUTSIDE.

   OUTGOING TRANSITIONS:
      00
      01
      11

   INCOMING TRANSITIONS:
      00
      11
      01
      10


01 : FSM STATE NOT REACHABLE FROM OUTSIDE.

   OUTGOING TRANSITIONS:
      00
      10
      01

   INCOMING TRANSITIONS:
      00
      01
      10


10 : FSM STATE NOT REACHABLE FROM OUTSIDE.

   OUTGOING TRANSITIONS:
      00
      10
      01

   INCOMING TRANSITIONS:
      01
      10


11 : FSM STATE NOT REACHABLE FROM OUTSIDE.

   OUTGOING TRANSITIONS:
      00
      11

   INCOMING TRANSITIONS:
      00
      11


FSM 1 : VALID TRANSITION GRAPH

00 : STATE IS REACHABLE FROM OUTSIDE.

   OUTGOING TRANSITIONS:
      00
      01
      11

   INCOMING TRANSITIONS:
      00
      11
      01
      10


01 : FSM STATE NOT REACHABLE FROM OUTSIDE.

   OUTGOING TRANSITIONS:
      00
      10
      01

   INCOMING TRANSITIONS:
      00
      01
      10


10 : FSM STATE NOT REACHABLE FROM OUTSIDE.

   OUTGOING TRANSITIONS:
      00
      10
      01

   INCOMING TRANSITIONS:
      01
      10


11 : FSM STATE NOT REACHABLE FROM OUTSIDE.

   OUTGOING TRANSITIONS:
      00
      11

   INCOMING TRANSITIONS:
      00
      11


FSM 1 : VALID TRANSITION GRAPH

1000 : FSM STATE NOT REACHABLE FROM OUTSIDE.

   OUTGOING TRANSITIONS:
      0001
      1000

   INCOMING TRANSITIONS:
      0001
      1000


0001 : STATE IS REACHABLE FROM OUTSIDE.

   OUTGOING TRANSITIONS:
      0001
      0010
      1000

   INCOMING TRANSITIONS:
      0001
      1000
      0010
      0100


0010 : FSM STATE NOT REACHABLE FROM OUTSIDE.

   OUTGOING TRANSITIONS:
      0001
      0100
      0010

   INCOMING TRANSITIONS:
      0001
      0010
      0100


0100 : FSM STATE NOT REACHABLE FROM OUTSIDE.

   OUTGOING TRANSITIONS:
      0001
      0100
      0010

   INCOMING TRANSITIONS:
      0010
      0100


FSM 1 : VALID TRANSITION GRAPH

1000 : FSM STATE NOT REACHABLE FROM OUTSIDE.

   OUTGOING TRANSITIONS:
      0001
      1000

   INCOMING TRANSITIONS:
      0001
      1000


0001 : STATE IS REACHABLE FROM OUTSIDE.

   OUTGOING TRANSITIONS:
      0001
      0010
      1000

   INCOMING TRANSITIONS:
      0001
      1000
      0010
      0100


0010 : FSM STATE NOT REACHABLE FROM OUTSIDE.

   OUTGOING TRANSITIONS:
      0001
      0100
      0010

   INCOMING TRANSITIONS:
      0001
      0010
      0100


0100 : FSM STATE NOT REACHABLE FROM OUTSIDE.

   OUTGOING TRANSITIONS:
      0001
      0100
      0010

   INCOMING TRANSITIONS:
      0010
      0100


